'RNA.R_factor' depends on axioms: [propext, Quot.sound]
'RNA.functional_equation' depends on axioms: [propext, Classical.choice, Quot.sound]
'RNA.rho0_root' depends on axioms: [propext, Classical.choice, Quot.sound]
'RNA.taylor' depends on axioms: [propext, Classical.choice, Quot.sound]
'RNA.jet_order1' depends on axioms: [propext, Classical.choice, Quot.sound]
'RNA.jet_order2' depends on axioms: [propext, Classical.choice, Quot.sound]
'RNA.rho0_pos' depends on axioms: [propext, Classical.choice, Quot.sound]
'RNA.mu1_eq' depends on axioms: [propext, Classical.choice, Quot.sound]
'RNA.mu2_eq' depends on axioms: [propext, Classical.choice, Quot.sound]
'RNA.H11_eq' depends on axioms: [propext, Classical.choice, Quot.sound]
'RNA.H12_eq' depends on axioms: [propext, Classical.choice, Quot.sound]
'RNA.H22_eq' depends on axioms: [propext, Classical.choice, Quot.sound]
'RNA.detH_eq' depends on axioms: [propext, Classical.choice, Quot.sound]
'RNA.detH_pos' depends on axioms: [propext, Classical.choice, Quot.sound]
'RNA.H11_pos' depends on axioms: [propext, Classical.choice, Quot.sound]
'RNA.H12_pos' depends on axioms: [propext, Classical.choice, Quot.sound]
'RNA.corr_sq' depends on axioms: [propext, Classical.choice, Quot.sound]
'RNA.Q_rho0' depends on axioms: [propext, Classical.choice, Quot.sound]
'RNA.Q_rho0_pos' depends on axioms: [propext, Classical.choice, Quot.sound]
'RNA.sqrt5_sq' depends on axioms: [propext, Classical.choice, Quot.sound]
'RNA.sqrt5_pos' depends on axioms: [propext, Classical.choice, Quot.sound]
